BPEvent(name=start_dealing_cards_to_players,data={}, priority=10.0)
[DEAL_CARDS] Dealing order: [1, 0] (starting_player=1)
BPEvent(name=deal_cards_to_player_1,data={}, priority=10.0)
BPEvent(name=deal_p_card_4_blue,data={}, priority=10.0)
BPEvent(name=deal_cards_to_player_0,data={}, priority=10.0)
BPEvent(name=deal_p_card_3_red,data={}, priority=10.0)
BPEvent(name=deal_cards_to_player_1,data={}, priority=10.0)
BPEvent(name=deal_p_card_3_green,data={}, priority=10.0)
BPEvent(name=deal_cards_to_player_0,data={}, priority=10.0)
BPEvent(name=deal_p_stop_red,data={}, priority=10.0)
BPEvent(name=deal_cards_to_player_1,data={}, priority=10.0)
BPEvent(name=deal_p_taki_green,data={}, priority=10.0)
BPEvent(name=deal_cards_to_player_0,data={}, priority=10.0)
BPEvent(name=deal_p_card_5_red,data={}, priority=10.0)
BPEvent(name=deal_cards_to_player_1,data={}, priority=10.0)
BPEvent(name=deal_p_stop_blue,data={}, priority=10.0)
BPEvent(name=deal_cards_to_player_0,data={}, priority=10.0)
BPEvent(name=deal_p_stop_green,data={}, priority=10.0)
BPEvent(name=deal_cards_to_player_1,data={}, priority=10.0)
BPEvent(name=deal_p_card_1_red,data={}, priority=10.0)
BPEvent(name=deal_cards_to_player_0,data={}, priority=10.0)
BPEvent(name=deal_p_stop_green,data={}, priority=10.0)
BPEvent(name=deal_cards_to_player_1,data={}, priority=10.0)
BPEvent(name=deal_p_taki_blue,data={}, priority=10.0)
BPEvent(name=deal_cards_to_player_0,data={}, priority=10.0)
BPEvent(name=deal_p_card_4_green,data={}, priority=10.0)
BPEvent(name=deal_cards_to_player_1,data={}, priority=10.0)
BPEvent(name=deal_p_card_4_red,data={}, priority=10.0)
BPEvent(name=deal_cards_to_player_0,data={}, priority=10.0)
BPEvent(name=deal_p_taki_green,data={}, priority=10.0)
BPEvent(name=deal_cards_to_player_1,data={}, priority=10.0)
BPEvent(name=deal_p_card_5_blue,data={}, priority=10.0)
BPEvent(name=deal_cards_to_player_0,data={}, priority=10.0)
BPEvent(name=deal_p_card_5_green,data={}, priority=10.0)
BPEvent(name=finished_dealing_cards_to_players,data={}, priority=10.0)
BPEvent(name=deal_leading_card,data={}, priority=10.0)
BPEvent(name=deal_p_card_1_green,data={}, priority=10.0)
BPEvent(name=leading_deal_p_card_1_green,data={}, priority=10.0)
BPEvent(name=finished_leading_card,data={}, priority=10.0)
BPEvent(name=start_game,data={}, priority=10.0)
BPEvent(name=p_1_taki_green,data={}, priority=4.0)
============================================================
[PLAYER_1] Regular TAKI SEQUENCE STARTING: p_1_taki_green
[PLAYER_1] Removing TAKI from hand
[PLAYER_1] Adding closed_taki to possible actions
============================================================
[TAKI_TURN_GUARD] Player 1: TAKI opened, blocking next_turn until done_post_action
[ENFORCE_TURNS] Event received: p_1_taki_green
[ENFORCE_TURNS] Regular TAKI by Player 1, waiting for closed_taki
============================================================
[ENFORCE_RULES] ENTER TAKI MODE, last_event=p_1_taki_green
[ENFORCE_RULES] Previous placement color=green
============================================================
============================================================
[ENFORCE_RULES] Regular TAKI detected: p_1_taki_green
[ENFORCE_RULES] Color determined by TAKI card: green
[ENFORCE_RULES] Blocking all non-green cards
============================================================
[ENFORCE_RULES] Waiting for card (must be green) or done_post_action.
[TAKI_BLOCK] CHECK event=p_1_card_4_blue (card_color=blue, TAKI_color=green) -> BLOCK
[TAKI_BLOCK] CHECK event=p_1_stop_blue (card_color=blue, TAKI_color=green) -> BLOCK
[TAKI_BLOCK] CHECK event=p_1_card_1_red (card_color=red, TAKI_color=green) -> BLOCK
[TAKI_BLOCK] CHECK event=p_1_taki_blue (card_color=blue, TAKI_color=green) -> BLOCK
[TAKI_BLOCK] CHECK event=p_1_card_4_red (card_color=red, TAKI_color=green) -> BLOCK
[TAKI_BLOCK] CHECK event=p_1_card_5_blue (card_color=blue, TAKI_color=green) -> BLOCK
[TAKI_BLOCK] CHECK event=p_1_card_4_blue (card_color=blue, TAKI_color=green) -> BLOCK
[TAKI_BLOCK] CHECK event=p_1_stop_blue (card_color=blue, TAKI_color=green) -> BLOCK
[TAKI_BLOCK] CHECK event=p_1_card_1_red (card_color=red, TAKI_color=green) -> BLOCK
[TAKI_BLOCK] CHECK event=p_1_taki_blue (card_color=blue, TAKI_color=green) -> BLOCK
[TAKI_BLOCK] CHECK event=p_1_card_4_red (card_color=red, TAKI_color=green) -> BLOCK
[TAKI_BLOCK] CHECK event=p_1_card_5_blue (card_color=blue, TAKI_color=green) -> BLOCK
BPEvent(name=p_1_card_3_green,data={}, priority=9.0)
[PLAYER_1] Card played in TAKI: p_1_card_3_green
[ENFORCE_RULES] Event received: p_1_card_3_green
[ENFORCE_RULES] Card accepted during TAKI: p_1_card_3_green (color=green, type=3)
[ENFORCE_RULES] Waiting for card (must be green) or done_post_action.
[TAKI_BLOCK] CHECK event=p_1_card_4_blue (card_color=blue, TAKI_color=green) -> BLOCK
[TAKI_BLOCK] CHECK event=p_1_stop_blue (card_color=blue, TAKI_color=green) -> BLOCK
[TAKI_BLOCK] CHECK event=p_1_card_1_red (card_color=red, TAKI_color=green) -> BLOCK
[TAKI_BLOCK] CHECK event=p_1_taki_blue (card_color=blue, TAKI_color=green) -> BLOCK
[TAKI_BLOCK] CHECK event=p_1_card_4_red (card_color=red, TAKI_color=green) -> BLOCK
[TAKI_BLOCK] CHECK event=p_1_card_5_blue (card_color=blue, TAKI_color=green) -> BLOCK
[TAKI_BLOCK] CHECK event=p_1_card_4_blue (card_color=blue, TAKI_color=green) -> BLOCK
[TAKI_BLOCK] CHECK event=p_1_stop_blue (card_color=blue, TAKI_color=green) -> BLOCK
[TAKI_BLOCK] CHECK event=p_1_card_1_red (card_color=red, TAKI_color=green) -> BLOCK
[TAKI_BLOCK] CHECK event=p_1_taki_blue (card_color=blue, TAKI_color=green) -> BLOCK
[TAKI_BLOCK] CHECK event=p_1_card_4_red (card_color=red, TAKI_color=green) -> BLOCK
[TAKI_BLOCK] CHECK event=p_1_card_5_blue (card_color=blue, TAKI_color=green) -> BLOCK
BPEvent(name=p_1_closed_taki,data={}, priority=15.0)
============================================================
[PLAYER_1] TAKI SEQUENCE ENDING
[PLAYER_1] Cards played: ['p_1_card_3_green']
[PLAYER_1] Total cards in sequence: 1
============================================================
[TAKI_TURN_GUARD] Player 1: closed_taki observed, keeping next_turn blocked until done_post_action
[ENFORCE_TURNS] closed_taki received for Regular TAKI, requesting done_post_action
[ENFORCE_RULES] Event received: p_1_closed_taki
[ENFORCE_RULES] closed_taki received; ignoring for last-card tracking.
[ENFORCE_RULES] Waiting for card (must be green) or done_post_action.
BPEvent(name=done_post_action,data={}, priority=10.0)
[TAKI_TURN_GUARD] Player 1: done_post_action observed, next_turn unblocked
[ENFORCE_TURNS] done_post_action completed for Regular TAKI
[ENFORCE_RULES] Event received: done_post_action
============================================================
[ENFORCE_RULES] TAKI sequence ended
[ENFORCE_RULES] Cards played in sequence: ['p_1_card_3_green']
[ENFORCE_RULES] Last card color: green, type: 3
============================================================
[ENFORCE_RULES] Post-TAKI placement rules: must match color=green OR type=3
BPEvent(name=next_turn,data={}, priority=10.0)
[ENFORCE_TURNS] Event received: next_turn
[ENFORCE_TURNS] Turn change: Player 1 -> Player 0
BPEvent(name=p_0_card_5_green,data={}, priority=10.0)
BPEvent(name=next_turn,data={}, priority=10.0)
[ENFORCE_TURNS] Event received: next_turn
[ENFORCE_TURNS] Turn change: Player 0 -> Player 1
BPEvent(name=p_1_card_5_blue,data={}, priority=7.0)
BPEvent(name=next_turn,data={}, priority=10.0)
[ENFORCE_TURNS] Event received: next_turn
[ENFORCE_TURNS] Turn change: Player 1 -> Player 0
BPEvent(name=p_0_card_5_red,data={}, priority=10.0)
BPEvent(name=next_turn,data={}, priority=10.0)
[ENFORCE_TURNS] Event received: next_turn
[ENFORCE_TURNS] Turn change: Player 0 -> Player 1
BPEvent(name=p_1_card_4_red,data={}, priority=8.0)
BPEvent(name=next_turn,data={}, priority=10.0)
[ENFORCE_TURNS] Event received: next_turn
[ENFORCE_TURNS] Turn change: Player 1 -> Player 0
BPEvent(name=p_0_card_3_red,data={}, priority=10.0)
BPEvent(name=next_turn,data={}, priority=10.0)
[ENFORCE_TURNS] Event received: next_turn
[ENFORCE_TURNS] Turn change: Player 0 -> Player 1
BPEvent(name=p_1_card_1_red,data={}, priority=8.0)
BPEvent(name=next_turn,data={}, priority=10.0)
[ENFORCE_TURNS] Event received: next_turn
[ENFORCE_TURNS] Turn change: Player 1 -> Player 0
BPEvent(name=p_0_stop_red,data={}, priority=10.0)
[ENFORCE_TURNS] Event received: p_0_stop_red
[ENFORCE_TURNS] Stop card played by Player 0, next player is: 0
[ENFORCE_RULES] Stop card played: updating rules to match color=red OR type=STOP
BPEvent(name=done_post_action,data={}, priority=10.0)
BPEvent(name=next_turn,data={}, priority=10.0)
[ENFORCE_TURNS] Event received: next_turn
[ENFORCE_TURNS] Turn change: Player 0 -> Player 0
BPEvent(name=p_0_stop_green,data={}, priority=10.0)
[ENFORCE_TURNS] Event received: p_0_stop_green
[ENFORCE_TURNS] Stop card played by Player 0, next player is: 0
[ENFORCE_RULES] Stop card played: updating rules to match color=green OR type=STOP
BPEvent(name=done_post_action,data={}, priority=10.0)
BPEvent(name=next_turn,data={}, priority=10.0)
[ENFORCE_TURNS] Event received: next_turn
[ENFORCE_TURNS] Turn change: Player 0 -> Player 0
BPEvent(name=p_0_taki_green,data={}, priority=10.0)
============================================================
[PLAYER_0] Regular TAKI SEQUENCE STARTING: p_0_taki_green
[PLAYER_0] Removing TAKI from hand
[PLAYER_0] Adding closed_taki to possible actions
============================================================
[TAKI_TURN_GUARD] Player 0: TAKI opened, blocking next_turn until done_post_action
[ENFORCE_TURNS] Event received: p_0_taki_green
[ENFORCE_TURNS] Regular TAKI by Player 0, waiting for closed_taki
============================================================
[ENFORCE_RULES] ENTER TAKI MODE, last_event=p_0_taki_green
[ENFORCE_RULES] Previous placement color=green
============================================================
============================================================
[ENFORCE_RULES] Regular TAKI detected: p_0_taki_green
[ENFORCE_RULES] Color determined by TAKI card: green
[ENFORCE_RULES] Blocking all non-green cards
============================================================
[ENFORCE_RULES] Waiting for card (must be green) or done_post_action.
BPEvent(name=p_0_stop_green,data={}, priority=10.0)
[PLAYER_0] Card played in TAKI: p_0_stop_green
[ENFORCE_RULES] Event received: p_0_stop_green
[ENFORCE_RULES] Card accepted during TAKI: p_0_stop_green (color=green, type=STOP)
[ENFORCE_RULES] Waiting for card (must be green) or done_post_action.
BPEvent(name=p_0_card_4_green,data={}, priority=10.0)
[PLAYER_0] Card played in TAKI: p_0_card_4_green
[ENFORCE_RULES] Event received: p_0_card_4_green
[ENFORCE_RULES] Card accepted during TAKI: p_0_card_4_green (color=green, type=4)
[ENFORCE_RULES] Waiting for card (must be green) or done_post_action.
BPEvent(name=p_0_closed_taki,data={}, priority=15.0)
============================================================
[PLAYER_0] TAKI SEQUENCE ENDING
[PLAYER_0] Cards played: ['p_0_stop_green', 'p_0_card_4_green']
[PLAYER_0] Total cards in sequence: 2
============================================================
[TAKI_TURN_GUARD] Player 0: closed_taki observed, keeping next_turn blocked until done_post_action
[ENFORCE_TURNS] closed_taki received for Regular TAKI, requesting done_post_action
[ENFORCE_RULES] Event received: p_0_closed_taki
[ENFORCE_RULES] closed_taki received; ignoring for last-card tracking.
[ENFORCE_RULES] Waiting for card (must be green) or done_post_action.
BPEvent(name=done_post_action,data={}, priority=10.0)
[TAKI_TURN_GUARD] Player 0: done_post_action observed, next_turn unblocked
[ENFORCE_TURNS] done_post_action completed for Regular TAKI
[ENFORCE_RULES] Event received: done_post_action
============================================================
[ENFORCE_RULES] TAKI sequence ended
[ENFORCE_RULES] Cards played in sequence: ['p_0_stop_green', 'p_0_card_4_green']
[ENFORCE_RULES] Last card color: green, type: 4
============================================================
[ENFORCE_RULES] Post-TAKI placement rules: must match color=green OR type=4
BPEvent(name=p_0_no_more_cards,data={}, priority=8.0)
BPEvent(name=end_game,data={}, priority=7.0)
