BPEvent(name=start_dealing_cards_to_players,data={}, priority=10.0)
[DEAL_CARDS] Dealing order: [0, 1] (starting_player=0)
BPEvent(name=deal_cards_to_player_0,data={}, priority=10.0)
BPEvent(name=deal_p_card_5_red,data={}, priority=10.0)
BPEvent(name=deal_cards_to_player_1,data={}, priority=10.0)
BPEvent(name=deal_p_taki_green,data={}, priority=10.0)
BPEvent(name=deal_cards_to_player_0,data={}, priority=10.0)
BPEvent(name=deal_p_card_3_red,data={}, priority=10.0)
BPEvent(name=deal_cards_to_player_1,data={}, priority=10.0)
BPEvent(name=deal_p_card_4_blue,data={}, priority=10.0)
BPEvent(name=deal_cards_to_player_0,data={}, priority=10.0)
BPEvent(name=deal_p_card_4_red,data={}, priority=10.0)
BPEvent(name=deal_cards_to_player_1,data={}, priority=10.0)
BPEvent(name=deal_p_stop_blue,data={}, priority=10.0)
BPEvent(name=deal_cards_to_player_0,data={}, priority=10.0)
BPEvent(name=deal_p_taki_red,data={}, priority=10.0)
BPEvent(name=deal_cards_to_player_1,data={}, priority=10.0)
BPEvent(name=deal_p_card_5_green,data={}, priority=10.0)
BPEvent(name=deal_cards_to_player_0,data={}, priority=10.0)
BPEvent(name=deal_p_card_1_blue,data={}, priority=10.0)
BPEvent(name=deal_cards_to_player_1,data={}, priority=10.0)
BPEvent(name=deal_p_taki_blue,data={}, priority=10.0)
BPEvent(name=deal_cards_to_player_0,data={}, priority=10.0)
BPEvent(name=deal_p_card_4_green,data={}, priority=10.0)
BPEvent(name=deal_cards_to_player_1,data={}, priority=10.0)
BPEvent(name=deal_p_card_3_green,data={}, priority=10.0)
BPEvent(name=deal_cards_to_player_0,data={}, priority=10.0)
BPEvent(name=deal_p_taki_blue,data={}, priority=10.0)
BPEvent(name=deal_cards_to_player_1,data={}, priority=10.0)
BPEvent(name=deal_p_super_taki,data={}, priority=10.0)
BPEvent(name=deal_cards_to_player_0,data={}, priority=10.0)
BPEvent(name=deal_p_taki_red,data={}, priority=10.0)
BPEvent(name=deal_cards_to_player_1,data={}, priority=10.0)
BPEvent(name=deal_p_card_3_blue,data={}, priority=10.0)
BPEvent(name=finished_dealing_cards_to_players,data={}, priority=10.0)
BPEvent(name=deal_leading_card,data={}, priority=10.0)
BPEvent(name=deal_p_card_1_red,data={}, priority=10.0)
BPEvent(name=leading_deal_p_card_1_red,data={}, priority=10.0)
BPEvent(name=finished_leading_card,data={}, priority=10.0)
BPEvent(name=start_game,data={}, priority=10.0)
BPEvent(name=p_0_card_4_red,data={}, priority=10.0)
BPEvent(name=next_turn,data={}, priority=10.0)
[ENFORCE_TURNS] Event received: next_turn
[ENFORCE_TURNS] Turn change: Player 0 -> Player 1
BPEvent(name=p_1_super_taki,data={}, priority=6.0)
============================================================
[PLAYER_1] Super TAKI SEQUENCE STARTING: p_1_super_taki
[PLAYER_1] Removing TAKI from hand
[PLAYER_1] Adding closed_taki to possible actions
============================================================
[TAKI_TURN_GUARD] Player 1: TAKI opened, blocking next_turn until done_post_action
[ENFORCE_TURNS] Event received: p_1_super_taki
[ENFORCE_TURNS] Super TAKI by Player 1, waiting for closed_taki
============================================================
[ENFORCE_RULES] ENTER TAKI MODE, last_event=p_1_super_taki
[ENFORCE_RULES] Previous placement color=red
============================================================
============================================================
[ENFORCE_RULES] Super TAKI detected: p_1_super_taki
[ENFORCE_RULES] Color inherited from previous card: red
[ENFORCE_RULES] Blocking all non-red cards
============================================================
[ENFORCE_RULES] Waiting for card (must be red) or done_post_action.
[TAKI_BLOCK] CHECK event=p_1_taki_green (card_color=green, TAKI_color=red) -> BLOCK
[TAKI_BLOCK] CHECK event=p_1_card_4_blue (card_color=blue, TAKI_color=red) -> BLOCK
[TAKI_BLOCK] CHECK event=p_1_stop_blue (card_color=blue, TAKI_color=red) -> BLOCK
[TAKI_BLOCK] CHECK event=p_1_card_5_green (card_color=green, TAKI_color=red) -> BLOCK
[TAKI_BLOCK] CHECK event=p_1_taki_blue (card_color=blue, TAKI_color=red) -> BLOCK
[TAKI_BLOCK] CHECK event=p_1_card_3_green (card_color=green, TAKI_color=red) -> BLOCK
[TAKI_BLOCK] CHECK event=p_1_card_3_blue (card_color=blue, TAKI_color=red) -> BLOCK
[TAKI_BLOCK] CHECK event=p_1_taki_green (card_color=green, TAKI_color=red) -> BLOCK
[TAKI_BLOCK] CHECK event=p_1_card_4_blue (card_color=blue, TAKI_color=red) -> BLOCK
[TAKI_BLOCK] CHECK event=p_1_stop_blue (card_color=blue, TAKI_color=red) -> BLOCK
[TAKI_BLOCK] CHECK event=p_1_card_5_green (card_color=green, TAKI_color=red) -> BLOCK
[TAKI_BLOCK] CHECK event=p_1_taki_blue (card_color=blue, TAKI_color=red) -> BLOCK
[TAKI_BLOCK] CHECK event=p_1_card_3_green (card_color=green, TAKI_color=red) -> BLOCK
[TAKI_BLOCK] CHECK event=p_1_card_3_blue (card_color=blue, TAKI_color=red) -> BLOCK
BPEvent(name=p_1_closed_taki,data={}, priority=15.0)
============================================================
[PLAYER_1] TAKI SEQUENCE ENDING
[PLAYER_1] Cards played: []
[PLAYER_1] Total cards in sequence: 0
============================================================
[TAKI_TURN_GUARD] Player 1: closed_taki observed, keeping next_turn blocked until done_post_action
[ENFORCE_TURNS] closed_taki received for Super TAKI, requesting done_post_action
[ENFORCE_RULES] Event received: p_1_closed_taki
[ENFORCE_RULES] closed_taki received; ignoring for last-card tracking.
[ENFORCE_RULES] Waiting for card (must be red) or done_post_action.
BPEvent(name=done_post_action,data={}, priority=10.0)
[TAKI_TURN_GUARD] Player 1: done_post_action observed, next_turn unblocked
[ENFORCE_TURNS] done_post_action completed for Super TAKI
[ENFORCE_RULES] Event received: done_post_action
============================================================
[ENFORCE_RULES] TAKI sequence ended
[ENFORCE_RULES] Cards played in sequence: []
[ENFORCE_RULES] Last card color: red, type: SUPER_TAKI
============================================================
[ENFORCE_RULES] Post-TAKI placement rules: must match color=red OR type=SUPER_TAKI
BPEvent(name=next_turn,data={}, priority=10.0)
[ENFORCE_TURNS] Event received: next_turn
[ENFORCE_TURNS] Turn change: Player 1 -> Player 0
BPEvent(name=p_0_taki_red,data={}, priority=10.0)
============================================================
[PLAYER_0] Regular TAKI SEQUENCE STARTING: p_0_taki_red
[PLAYER_0] Removing TAKI from hand
[PLAYER_0] Adding closed_taki to possible actions
============================================================
[TAKI_TURN_GUARD] Player 0: TAKI opened, blocking next_turn until done_post_action
[ENFORCE_TURNS] Event received: p_0_taki_red
[ENFORCE_TURNS] Regular TAKI by Player 0, waiting for closed_taki
============================================================
[ENFORCE_RULES] ENTER TAKI MODE, last_event=p_0_taki_red
[ENFORCE_RULES] Previous placement color=red
============================================================
============================================================
[ENFORCE_RULES] Regular TAKI detected: p_0_taki_red
[ENFORCE_RULES] Color determined by TAKI card: red
[ENFORCE_RULES] Blocking all non-red cards
============================================================
[ENFORCE_RULES] Waiting for card (must be red) or done_post_action.
[TAKI_BLOCK] CHECK event=p_0_card_1_blue (card_color=blue, TAKI_color=red) -> BLOCK
[TAKI_BLOCK] CHECK event=p_0_card_4_green (card_color=green, TAKI_color=red) -> BLOCK
[TAKI_BLOCK] CHECK event=p_0_taki_blue (card_color=blue, TAKI_color=red) -> BLOCK
BPEvent(name=p_0_taki_red,data={}, priority=10.0)
[PLAYER_0] Card played in TAKI: p_0_taki_red
[ENFORCE_RULES] Event received: p_0_taki_red
[ENFORCE_RULES] TAKI Card accepted during TAKI: p_0_taki_red (color=red, type=TAKI)
[ENFORCE_RULES] Waiting for card (must be red) or done_post_action.
[TAKI_BLOCK] CHECK event=p_0_card_1_blue (card_color=blue, TAKI_color=red) -> BLOCK
[TAKI_BLOCK] CHECK event=p_0_card_4_green (card_color=green, TAKI_color=red) -> BLOCK
[TAKI_BLOCK] CHECK event=p_0_taki_blue (card_color=blue, TAKI_color=red) -> BLOCK
BPEvent(name=p_0_card_5_red,data={}, priority=10.0)
[PLAYER_0] Card played in TAKI: p_0_card_5_red
[ENFORCE_RULES] Event received: p_0_card_5_red
[ENFORCE_RULES] Card accepted during TAKI: p_0_card_5_red (color=red, type=5)
[ENFORCE_RULES] Waiting for card (must be red) or done_post_action.
[TAKI_BLOCK] CHECK event=p_0_card_1_blue (card_color=blue, TAKI_color=red) -> BLOCK
[TAKI_BLOCK] CHECK event=p_0_card_4_green (card_color=green, TAKI_color=red) -> BLOCK
[TAKI_BLOCK] CHECK event=p_0_taki_blue (card_color=blue, TAKI_color=red) -> BLOCK
BPEvent(name=p_0_card_3_red,data={}, priority=10.0)
[PLAYER_0] Card played in TAKI: p_0_card_3_red
[ENFORCE_RULES] Event received: p_0_card_3_red
[ENFORCE_RULES] Card accepted during TAKI: p_0_card_3_red (color=red, type=3)
[ENFORCE_RULES] Waiting for card (must be red) or done_post_action.
[TAKI_BLOCK] CHECK event=p_0_card_1_blue (card_color=blue, TAKI_color=red) -> BLOCK
[TAKI_BLOCK] CHECK event=p_0_card_4_green (card_color=green, TAKI_color=red) -> BLOCK
[TAKI_BLOCK] CHECK event=p_0_taki_blue (card_color=blue, TAKI_color=red) -> BLOCK
BPEvent(name=p_0_closed_taki,data={}, priority=15.0)
============================================================
[PLAYER_0] TAKI SEQUENCE ENDING
[PLAYER_0] Cards played: ['p_0_taki_red', 'p_0_card_5_red', 'p_0_card_3_red']
[PLAYER_0] Total cards in sequence: 3
============================================================
[TAKI_TURN_GUARD] Player 0: closed_taki observed, keeping next_turn blocked until done_post_action
[ENFORCE_TURNS] closed_taki received for Regular TAKI, requesting done_post_action
[ENFORCE_RULES] Event received: p_0_closed_taki
[ENFORCE_RULES] closed_taki received; ignoring for last-card tracking.
[ENFORCE_RULES] Waiting for card (must be red) or done_post_action.
BPEvent(name=done_post_action,data={}, priority=10.0)
[TAKI_TURN_GUARD] Player 0: done_post_action observed, next_turn unblocked
[ENFORCE_TURNS] done_post_action completed for Regular TAKI
[ENFORCE_RULES] Event received: done_post_action
============================================================
[ENFORCE_RULES] TAKI sequence ended
[ENFORCE_RULES] Cards played in sequence: ['p_0_taki_red', 'p_0_card_5_red', 'p_0_card_3_red']
[ENFORCE_RULES] Last card color: red, type: 3
============================================================
[ENFORCE_RULES] Post-TAKI placement rules: must match color=red OR type=3
BPEvent(name=next_turn,data={}, priority=10.0)
[ENFORCE_TURNS] Event received: next_turn
[ENFORCE_TURNS] Turn change: Player 0 -> Player 1
BPEvent(name=p_1_card_3_blue,data={}, priority=7.0)
BPEvent(name=next_turn,data={}, priority=10.0)
[ENFORCE_TURNS] Event received: next_turn
[ENFORCE_TURNS] Turn change: Player 1 -> Player 0
BPEvent(name=p_0_card_1_blue,data={}, priority=10.0)
BPEvent(name=next_turn,data={}, priority=10.0)
[ENFORCE_TURNS] Event received: next_turn
[ENFORCE_TURNS] Turn change: Player 0 -> Player 1
BPEvent(name=p_1_taki_blue,data={}, priority=4.0)
============================================================
[PLAYER_1] Regular TAKI SEQUENCE STARTING: p_1_taki_blue
[PLAYER_1] Removing TAKI from hand
[PLAYER_1] Adding closed_taki to possible actions
============================================================
[TAKI_TURN_GUARD] Player 1: TAKI opened, blocking next_turn until done_post_action
[ENFORCE_TURNS] Event received: p_1_taki_blue
[ENFORCE_TURNS] Regular TAKI by Player 1, waiting for closed_taki
============================================================
[ENFORCE_RULES] ENTER TAKI MODE, last_event=p_1_taki_blue
[ENFORCE_RULES] Previous placement color=blue
============================================================
============================================================
[ENFORCE_RULES] Regular TAKI detected: p_1_taki_blue
[ENFORCE_RULES] Color determined by TAKI card: blue
[ENFORCE_RULES] Blocking all non-blue cards
============================================================
[ENFORCE_RULES] Waiting for card (must be blue) or done_post_action.
[TAKI_BLOCK] CHECK event=p_1_taki_green (card_color=green, TAKI_color=blue) -> BLOCK
[TAKI_BLOCK] CHECK event=p_1_card_5_green (card_color=green, TAKI_color=blue) -> BLOCK
[TAKI_BLOCK] CHECK event=p_1_card_3_green (card_color=green, TAKI_color=blue) -> BLOCK
[TAKI_BLOCK] CHECK event=p_1_taki_green (card_color=green, TAKI_color=blue) -> BLOCK
[TAKI_BLOCK] CHECK event=p_1_card_5_green (card_color=green, TAKI_color=blue) -> BLOCK
[TAKI_BLOCK] CHECK event=p_1_card_3_green (card_color=green, TAKI_color=blue) -> BLOCK
BPEvent(name=p_1_stop_blue,data={}, priority=4.5)
[PLAYER_1] Card played in TAKI: p_1_stop_blue
[ENFORCE_RULES] Event received: p_1_stop_blue
[ENFORCE_RULES] Card accepted during TAKI: p_1_stop_blue (color=blue, type=STOP)
[ENFORCE_RULES] Waiting for card (must be blue) or done_post_action.
[TAKI_BLOCK] CHECK event=p_1_taki_green (card_color=green, TAKI_color=blue) -> BLOCK
[TAKI_BLOCK] CHECK event=p_1_card_5_green (card_color=green, TAKI_color=blue) -> BLOCK
[TAKI_BLOCK] CHECK event=p_1_card_3_green (card_color=green, TAKI_color=blue) -> BLOCK
[TAKI_BLOCK] CHECK event=p_1_taki_green (card_color=green, TAKI_color=blue) -> BLOCK
[TAKI_BLOCK] CHECK event=p_1_card_5_green (card_color=green, TAKI_color=blue) -> BLOCK
[TAKI_BLOCK] CHECK event=p_1_card_3_green (card_color=green, TAKI_color=blue) -> BLOCK
BPEvent(name=p_1_card_4_blue,data={}, priority=8.0)
[PLAYER_1] Card played in TAKI: p_1_card_4_blue
[ENFORCE_RULES] Event received: p_1_card_4_blue
[ENFORCE_RULES] Card accepted during TAKI: p_1_card_4_blue (color=blue, type=4)
[ENFORCE_RULES] Waiting for card (must be blue) or done_post_action.
[TAKI_BLOCK] CHECK event=p_1_taki_green (card_color=green, TAKI_color=blue) -> BLOCK
[TAKI_BLOCK] CHECK event=p_1_card_5_green (card_color=green, TAKI_color=blue) -> BLOCK
[TAKI_BLOCK] CHECK event=p_1_card_3_green (card_color=green, TAKI_color=blue) -> BLOCK
[TAKI_BLOCK] CHECK event=p_1_taki_green (card_color=green, TAKI_color=blue) -> BLOCK
[TAKI_BLOCK] CHECK event=p_1_card_5_green (card_color=green, TAKI_color=blue) -> BLOCK
[TAKI_BLOCK] CHECK event=p_1_card_3_green (card_color=green, TAKI_color=blue) -> BLOCK
BPEvent(name=p_1_closed_taki,data={}, priority=15.0)
============================================================
[PLAYER_1] TAKI SEQUENCE ENDING
[PLAYER_1] Cards played: ['p_1_stop_blue', 'p_1_card_4_blue']
[PLAYER_1] Total cards in sequence: 2
============================================================
[TAKI_TURN_GUARD] Player 1: closed_taki observed, keeping next_turn blocked until done_post_action
[ENFORCE_TURNS] closed_taki received for Regular TAKI, requesting done_post_action
[ENFORCE_RULES] Event received: p_1_closed_taki
[ENFORCE_RULES] closed_taki received; ignoring for last-card tracking.
[ENFORCE_RULES] Waiting for card (must be blue) or done_post_action.
BPEvent(name=done_post_action,data={}, priority=10.0)
[TAKI_TURN_GUARD] Player 1: done_post_action observed, next_turn unblocked
[ENFORCE_TURNS] done_post_action completed for Regular TAKI
[ENFORCE_RULES] Event received: done_post_action
============================================================
[ENFORCE_RULES] TAKI sequence ended
[ENFORCE_RULES] Cards played in sequence: ['p_1_stop_blue', 'p_1_card_4_blue']
[ENFORCE_RULES] Last card color: blue, type: 4
============================================================
[ENFORCE_RULES] Post-TAKI placement rules: must match color=blue OR type=4
BPEvent(name=next_turn,data={}, priority=10.0)
[ENFORCE_TURNS] Event received: next_turn
[ENFORCE_TURNS] Turn change: Player 1 -> Player 0
BPEvent(name=p_0_taki_blue,data={}, priority=10.0)
============================================================
[PLAYER_0] Regular TAKI SEQUENCE STARTING: p_0_taki_blue
[PLAYER_0] Removing TAKI from hand
[PLAYER_0] Adding closed_taki to possible actions
============================================================
[TAKI_TURN_GUARD] Player 0: TAKI opened, blocking next_turn until done_post_action
[ENFORCE_TURNS] Event received: p_0_taki_blue
[ENFORCE_TURNS] Regular TAKI by Player 0, waiting for closed_taki
============================================================
[ENFORCE_RULES] ENTER TAKI MODE, last_event=p_0_taki_blue
[ENFORCE_RULES] Previous placement color=blue
============================================================
============================================================
[ENFORCE_RULES] Regular TAKI detected: p_0_taki_blue
[ENFORCE_RULES] Color determined by TAKI card: blue
[ENFORCE_RULES] Blocking all non-blue cards
============================================================
[ENFORCE_RULES] Waiting for card (must be blue) or done_post_action.
[TAKI_BLOCK] CHECK event=p_0_card_4_green (card_color=green, TAKI_color=blue) -> BLOCK
BPEvent(name=p_0_closed_taki,data={}, priority=15.0)
============================================================
[PLAYER_0] TAKI SEQUENCE ENDING
[PLAYER_0] Cards played: []
[PLAYER_0] Total cards in sequence: 0
============================================================
[TAKI_TURN_GUARD] Player 0: closed_taki observed, keeping next_turn blocked until done_post_action
[ENFORCE_TURNS] closed_taki received for Regular TAKI, requesting done_post_action
[ENFORCE_RULES] Event received: p_0_closed_taki
[ENFORCE_RULES] closed_taki received; ignoring for last-card tracking.
[ENFORCE_RULES] Waiting for card (must be blue) or done_post_action.
BPEvent(name=done_post_action,data={}, priority=10.0)
[TAKI_TURN_GUARD] Player 0: done_post_action observed, next_turn unblocked
[ENFORCE_TURNS] done_post_action completed for Regular TAKI
[ENFORCE_RULES] Event received: done_post_action
============================================================
[ENFORCE_RULES] TAKI sequence ended
[ENFORCE_RULES] Cards played in sequence: []
[ENFORCE_RULES] Last card color: blue, type: TAKI
============================================================
[ENFORCE_RULES] Post-TAKI placement rules: must match color=blue OR type=TAKI
BPEvent(name=next_turn,data={}, priority=10.0)
[ENFORCE_TURNS] Event received: next_turn
[ENFORCE_TURNS] Turn change: Player 0 -> Player 1
BPEvent(name=p_1_taki_green,data={}, priority=4.0)
============================================================
[PLAYER_1] Regular TAKI SEQUENCE STARTING: p_1_taki_green
[PLAYER_1] Removing TAKI from hand
[PLAYER_1] Adding closed_taki to possible actions
============================================================
[TAKI_TURN_GUARD] Player 1: TAKI opened, blocking next_turn until done_post_action
[ENFORCE_TURNS] Event received: p_1_taki_green
[ENFORCE_TURNS] Regular TAKI by Player 1, waiting for closed_taki
============================================================
[ENFORCE_RULES] ENTER TAKI MODE, last_event=p_1_taki_green
[ENFORCE_RULES] Previous placement color=blue
============================================================
============================================================
[ENFORCE_RULES] Regular TAKI detected: p_1_taki_green
[ENFORCE_RULES] Color determined by TAKI card: green
[ENFORCE_RULES] Blocking all non-green cards
============================================================
[ENFORCE_RULES] Waiting for card (must be green) or done_post_action.
BPEvent(name=p_1_card_3_green,data={}, priority=7.0)
[PLAYER_1] Card played in TAKI: p_1_card_3_green
[ENFORCE_RULES] Event received: p_1_card_3_green
[ENFORCE_RULES] Card accepted during TAKI: p_1_card_3_green (color=green, type=3)
[ENFORCE_RULES] Waiting for card (must be green) or done_post_action.
BPEvent(name=p_1_card_5_green,data={}, priority=7.0)
[PLAYER_1] Card played in TAKI: p_1_card_5_green
[ENFORCE_RULES] Event received: p_1_card_5_green
[ENFORCE_RULES] Card accepted during TAKI: p_1_card_5_green (color=green, type=5)
[ENFORCE_RULES] Waiting for card (must be green) or done_post_action.
BPEvent(name=p_1_closed_taki,data={}, priority=15.0)
============================================================
[PLAYER_1] TAKI SEQUENCE ENDING
[PLAYER_1] Cards played: ['p_1_card_3_green', 'p_1_card_5_green']
[PLAYER_1] Total cards in sequence: 2
============================================================
[TAKI_TURN_GUARD] Player 1: closed_taki observed, keeping next_turn blocked until done_post_action
[ENFORCE_TURNS] closed_taki received for Regular TAKI, requesting done_post_action
[ENFORCE_RULES] Event received: p_1_closed_taki
[ENFORCE_RULES] closed_taki received; ignoring for last-card tracking.
[ENFORCE_RULES] Waiting for card (must be green) or done_post_action.
BPEvent(name=done_post_action,data={}, priority=10.0)
[TAKI_TURN_GUARD] Player 1: done_post_action observed, next_turn unblocked
[ENFORCE_TURNS] done_post_action completed for Regular TAKI
[ENFORCE_RULES] Event received: done_post_action
============================================================
[ENFORCE_RULES] TAKI sequence ended
[ENFORCE_RULES] Cards played in sequence: ['p_1_card_3_green', 'p_1_card_5_green']
[ENFORCE_RULES] Last card color: green, type: 5
============================================================
[ENFORCE_RULES] Post-TAKI placement rules: must match color=green OR type=5
BPEvent(name=p_1_no_more_cards,data={}, priority=8.0)
BPEvent(name=end_game,data={}, priority=7.0)
