12:55:17.982 - --> Logger configured. Saving to: taki_game_20_12_2025-12_55_17.log
12:55:17.982 - Starting Taki Game BProgram Execution
12:55:17.983 - STARTED
12:55:17.983 - BPEvent(name=start_dealing_cards_to_players,data={}, priority=10.0)
12:55:17.984 - BPEvent(name=deal_cards_to_player_0,data={}, priority=10.0)
12:55:17.985 - BPEvent(name=deal_p_card_5_green,data={}, priority=10.0)
12:55:17.985 - BPEvent(name=deal_p_taki_green,data={}, priority=10.0)
12:55:17.986 - BPEvent(name=deal_p_change_color_blue,data={}, priority=10.0)
12:55:17.986 - BPEvent(name=deal_p_super_taki,data={}, priority=10.0)
12:55:17.987 - BPEvent(name=deal_p_taki_blue,data={}, priority=10.0)
12:55:17.997 - BPEvent(name=deal_p_card_4_red,data={}, priority=10.0)
12:55:17.998 - BPEvent(name=deal_p_super_taki,data={}, priority=10.0)
12:55:17.999 - BPEvent(name=deal_p_card_1_red,data={}, priority=10.0)
12:55:17.999 - [STRATEGY_TAKI_2] Player 0: Initial hand contains 8 cards (4 TAKI cards)
12:55:18.000 - BPEvent(name=deal_cards_to_player_1,data={}, priority=10.0)
12:55:18.000 - BPEvent(name=deal_p_card_4_green,data={}, priority=10.0)
12:55:18.001 - BPEvent(name=deal_p_super_taki,data={}, priority=10.0)
12:55:18.001 - BPEvent(name=deal_p_card_3_green,data={}, priority=10.0)
12:55:18.002 - BPEvent(name=deal_p_card_1_green,data={}, priority=10.0)
12:55:18.003 - BPEvent(name=deal_p_super_taki,data={}, priority=10.0)
12:55:18.003 - BPEvent(name=deal_p_super_taki,data={}, priority=10.0)
12:55:18.004 - BPEvent(name=deal_p_taki_red,data={}, priority=10.0)
12:55:18.005 - BPEvent(name=deal_p_card_4_blue,data={}, priority=10.0)
12:55:18.005 - BPEvent(name=finished_dealing_cards_to_players,data={}, priority=10.0)
12:55:18.006 - BPEvent(name=deal_leading_card,data={}, priority=10.0)
12:55:18.006 - BPEvent(name=deal_p_card_5_blue,data={}, priority=10.0)
12:55:18.007 - BPEvent(name=leading_deal_p_card_5_blue,data={}, priority=10.0)
12:55:18.008 - BPEvent(name=finished_leading_card,data={}, priority=10.0)
12:55:18.008 - BPEvent(name=start_game,data={}, priority=10.0)
12:55:18.009 - [STRATEGY_TAKI_2] P0 Turn #1 | Hand: 8 cards (4 TAKI)
12:55:18.010 - BPEvent(name=p_0_taki_blue,data={}, priority=4.0)
12:55:18.011 - ============================================================
12:55:18.011 - [PLAYER_0] Regular TAKI SEQUENCE STARTING: p_0_taki_blue
12:55:18.011 - [PLAYER_0] Removing TAKI from hand
12:55:18.011 - [PLAYER_0] Adding closed_taki to possible actions
12:55:18.012 - ============================================================
12:55:18.012 - [STRATEGY_TAKI_2] P0 -> p_0_taki_blue (priority 4.0)
12:55:18.012 - [STRATEGY_TAKI_2] Entering TAKI sequence Player0 chose Regular TAKI: p_0_taki_blue (prio=4.0)
12:55:18.013 - [ENFORCE_TURNS] Event received: p_0_taki_blue
12:55:18.013 - [ENFORCE_TURNS] Regular TAKI by Player 0, requesting done_post_action
12:55:18.014 - ============================================================
12:55:18.014 - [ENFORCE_RULES] ENTER TAKI MODE, last_event=p_0_taki_blue
12:55:18.015 - [ENFORCE_RULES] Previous placement color=blue
12:55:18.015 - ============================================================
12:55:18.015 - ============================================================
12:55:18.015 - [ENFORCE_RULES] Regular TAKI detected: p_0_taki_blue
12:55:18.016 - [ENFORCE_RULES] Color determined by TAKI card: blue
12:55:18.016 - [ENFORCE_RULES] Blocking all non-blue cards
12:55:18.016 - ============================================================
12:55:18.016 - [ENFORCE_RULES] Waiting for card (must be blue) or done_post_action.
12:55:18.017 - [TAKI_BLOCK] CHECK event=p_0_card_5_green (card_color=green, TAKI_color=blue) -> BLOCK
12:55:18.017 - [TAKI_BLOCK] CHECK event=p_0_taki_green (card_color=green, TAKI_color=blue) -> BLOCK
12:55:18.017 - [TAKI_BLOCK] CHECK event=p_0_card_4_red (card_color=red, TAKI_color=blue) -> BLOCK
12:55:18.018 - [TAKI_BLOCK] CHECK event=p_0_card_1_red (card_color=red, TAKI_color=blue) -> BLOCK
12:55:18.018 - [TAKI_BLOCK] CHECK event=p_0_taki_green (card_color=green, TAKI_color=blue) -> BLOCK
12:55:18.018 - BPEvent(name=p_0_super_taki,data={}, priority=6.0)
12:55:18.019 - [PLAYER_0] Card played in TAKI: p_0_super_taki
12:55:18.020 - [ENFORCE_RULES] Event received: p_0_super_taki
12:55:18.020 - [ENFORCE_RULES] SuperTAKI Card accepted during TAKI: p_0_super_taki (color=blue, type=SUPER_TAKI)
12:55:18.020 - [ENFORCE_RULES] Waiting for card (must be blue) or done_post_action.
12:55:18.022 - [TAKI_BLOCK] CHECK event=p_0_card_5_green (card_color=green, TAKI_color=blue) -> BLOCK
12:55:18.022 - [TAKI_BLOCK] CHECK event=p_0_taki_green (card_color=green, TAKI_color=blue) -> BLOCK
12:55:18.022 - [TAKI_BLOCK] CHECK event=p_0_card_4_red (card_color=red, TAKI_color=blue) -> BLOCK
12:55:18.023 - [TAKI_BLOCK] CHECK event=p_0_card_1_red (card_color=red, TAKI_color=blue) -> BLOCK
12:55:18.023 - [TAKI_BLOCK] CHECK event=p_0_taki_green (card_color=green, TAKI_color=blue) -> BLOCK
12:55:18.024 - BPEvent(name=p_0_super_taki,data={}, priority=6.0)
12:55:18.024 - [PLAYER_0] Card played in TAKI: p_0_super_taki
12:55:18.025 - [ENFORCE_RULES] Event received: p_0_super_taki
12:55:18.025 - [ENFORCE_RULES] SuperTAKI Card accepted during TAKI: p_0_super_taki (color=blue, type=SUPER_TAKI)
12:55:18.025 - [ENFORCE_RULES] Waiting for card (must be blue) or done_post_action.
12:55:18.026 - [TAKI_BLOCK] CHECK event=p_0_card_5_green (card_color=green, TAKI_color=blue) -> BLOCK
12:55:18.026 - [TAKI_BLOCK] CHECK event=p_0_taki_green (card_color=green, TAKI_color=blue) -> BLOCK
12:55:18.027 - [TAKI_BLOCK] CHECK event=p_0_card_4_red (card_color=red, TAKI_color=blue) -> BLOCK
12:55:18.027 - [TAKI_BLOCK] CHECK event=p_0_card_1_red (card_color=red, TAKI_color=blue) -> BLOCK
12:55:18.028 - [TAKI_BLOCK] CHECK event=p_0_taki_green (card_color=green, TAKI_color=blue) -> BLOCK
12:55:18.028 - BPEvent(name=p_0_change_color_blue,data={}, priority=10.0)
12:55:18.028 - [PLAYER_0] Card played in TAKI: p_0_change_color_blue
12:55:18.029 - [ENFORCE_RULES] Event received: p_0_change_color_blue
12:55:18.029 - [ENFORCE_RULES] Card accepted during TAKI: p_0_change_color_blue (color=blue, type=CHANGE_COLOR)
12:55:18.029 - [ENFORCE_RULES] Waiting for card (must be blue) or done_post_action.
12:55:18.030 - [TAKI_BLOCK] CHECK event=p_0_card_5_green (card_color=green, TAKI_color=blue) -> BLOCK
12:55:18.030 - [TAKI_BLOCK] CHECK event=p_0_taki_green (card_color=green, TAKI_color=blue) -> BLOCK
12:55:18.031 - [TAKI_BLOCK] CHECK event=p_0_card_4_red (card_color=red, TAKI_color=blue) -> BLOCK
12:55:18.031 - [TAKI_BLOCK] CHECK event=p_0_card_1_red (card_color=red, TAKI_color=blue) -> BLOCK
12:55:18.031 - [TAKI_BLOCK] CHECK event=p_0_taki_green (card_color=green, TAKI_color=blue) -> BLOCK
12:55:18.032 - BPEvent(name=p_0_closed_taki,data={}, priority=15.0)
12:55:18.032 - ============================================================
12:55:18.032 - [PLAYER_0] TAKI SEQUENCE ENDING
12:55:18.032 - [PLAYER_0] Cards played: ['p_0_super_taki', 'p_0_super_taki', 'p_0_change_color_blue']
12:55:18.033 - [PLAYER_0] Total cards in sequence: 3
12:55:18.033 - ============================================================
12:55:18.034 - BPEvent(name=done_post_action,data={}, priority=17.5)
12:55:18.034 - [ENFORCE_TURNS] done_post_action completed for Regular TAKI
12:55:18.034 - [ENFORCE_RULES] Event received: done_post_action
12:55:18.034 - ============================================================
12:55:18.034 - [ENFORCE_RULES] TAKI sequence ended
12:55:18.035 - [ENFORCE_RULES] Cards played in sequence: ['p_0_super_taki', 'p_0_super_taki', 'p_0_change_color_blue']
12:55:18.035 - [ENFORCE_RULES] Last card color: blue, type: CHANGE_COLOR
12:55:18.035 - ============================================================
12:55:18.035 - [ENFORCE_RULES] Post-TAKI placement rules: must match color=blue OR type=CHANGE_COLOR
12:55:18.036 - BPEvent(name=next_turn,data={}, priority=10.0)
12:55:18.036 - [STRATEGY_TAKI_2] P0 | Remaining: 4 cards (1 TAKI)
12:55:18.037 - [STRATEGY_TAKI_2] P0 Turn #2 | Hand: 4 cards (1 TAKI)
12:55:18.037 - [ENFORCE_TURNS] Event received: next_turn
12:55:18.037 - [ENFORCE_TURNS] Turn change: Player 0 -> Player 1
12:55:18.038 - BPEvent(name=p_1_card_4_blue,data={}, priority=10.0)
12:55:18.039 - BPEvent(name=next_turn,data={}, priority=10.0)
12:55:18.040 - [ENFORCE_TURNS] Event received: next_turn
12:55:18.040 - [ENFORCE_TURNS] Turn change: Player 1 -> Player 0
12:55:18.041 - BPEvent(name=p_0_card_4_red,data={}, priority=10.0)
12:55:18.041 - [STRATEGY_TAKI_2] P0 -> p_0_card_4_red (priority 10.0)
12:55:18.042 - BPEvent(name=next_turn,data={}, priority=10.0)
12:55:18.043 - [STRATEGY_TAKI_2] P0 | Remaining: 3 cards (1 TAKI)
12:55:18.043 - [STRATEGY_TAKI_2] P0 Turn #3 | Hand: 3 cards (1 TAKI)
12:55:18.043 - [ENFORCE_TURNS] Event received: next_turn
12:55:18.044 - [ENFORCE_TURNS] Turn change: Player 0 -> Player 1
12:55:18.044 - BPEvent(name=p_1_super_taki,data={}, priority=10.0)
12:55:18.045 - ============================================================
12:55:18.045 - [PLAYER_1] Super TAKI SEQUENCE STARTING: p_1_super_taki
12:55:18.045 - [PLAYER_1] Removing TAKI from hand
12:55:18.046 - [PLAYER_1] Adding closed_taki to possible actions
12:55:18.046 - ============================================================
12:55:18.046 - [ENFORCE_TURNS] Event received: p_1_super_taki
12:55:18.046 - [ENFORCE_TURNS] Super TAKI by Player 1, requesting done_post_action
12:55:18.047 - ============================================================
12:55:18.047 - [ENFORCE_RULES] ENTER TAKI MODE, last_event=p_1_super_taki
12:55:18.047 - [ENFORCE_RULES] Previous placement color=red
12:55:18.047 - ============================================================
12:55:18.047 - ============================================================
12:55:18.048 - [ENFORCE_RULES] Super TAKI detected: p_1_super_taki
12:55:18.048 - [ENFORCE_RULES] Color inherited from previous card: red
12:55:18.048 - [ENFORCE_RULES] Blocking all non-red cards
12:55:18.048 - ============================================================
12:55:18.048 - [ENFORCE_RULES] Waiting for card (must be red) or done_post_action.
12:55:18.050 - [TAKI_BLOCK] CHECK event=p_1_card_4_green (card_color=green, TAKI_color=red) -> BLOCK
12:55:18.050 - [TAKI_BLOCK] CHECK event=p_1_card_3_green (card_color=green, TAKI_color=red) -> BLOCK
12:55:18.050 - [TAKI_BLOCK] CHECK event=p_1_card_1_green (card_color=green, TAKI_color=red) -> BLOCK
12:55:18.050 - BPEvent(name=p_1_super_taki,data={}, priority=10.0)
12:55:18.050 - [PLAYER_1] Card played in TAKI: p_1_super_taki
12:55:18.051 - [ENFORCE_RULES] Event received: p_1_super_taki
12:55:18.051 - [ENFORCE_RULES] SuperTAKI Card accepted during TAKI: p_1_super_taki (color=red, type=SUPER_TAKI)
12:55:18.051 - [ENFORCE_RULES] Waiting for card (must be red) or done_post_action.
12:55:18.052 - [TAKI_BLOCK] CHECK event=p_1_card_4_green (card_color=green, TAKI_color=red) -> BLOCK
12:55:18.052 - [TAKI_BLOCK] CHECK event=p_1_card_3_green (card_color=green, TAKI_color=red) -> BLOCK
12:55:18.052 - [TAKI_BLOCK] CHECK event=p_1_card_1_green (card_color=green, TAKI_color=red) -> BLOCK
12:55:18.053 - BPEvent(name=p_1_super_taki,data={}, priority=10.0)
12:55:18.053 - [PLAYER_1] Card played in TAKI: p_1_super_taki
12:55:18.053 - [ENFORCE_RULES] Event received: p_1_super_taki
12:55:18.054 - [ENFORCE_RULES] SuperTAKI Card accepted during TAKI: p_1_super_taki (color=red, type=SUPER_TAKI)
12:55:18.054 - [ENFORCE_RULES] Waiting for card (must be red) or done_post_action.
12:55:18.054 - [TAKI_BLOCK] CHECK event=p_1_card_4_green (card_color=green, TAKI_color=red) -> BLOCK
12:55:18.055 - [TAKI_BLOCK] CHECK event=p_1_card_3_green (card_color=green, TAKI_color=red) -> BLOCK
12:55:18.055 - [TAKI_BLOCK] CHECK event=p_1_card_1_green (card_color=green, TAKI_color=red) -> BLOCK
12:55:18.055 - BPEvent(name=p_1_taki_red,data={}, priority=10.0)
12:55:18.056 - [PLAYER_1] Card played in TAKI: p_1_taki_red
12:55:18.056 - [ENFORCE_RULES] Event received: p_1_taki_red
12:55:18.057 - [ENFORCE_RULES] TAKI Card accepted during TAKI: p_1_taki_red (color=red, type=TAKI)
12:55:18.057 - [ENFORCE_RULES] Waiting for card (must be red) or done_post_action.
12:55:18.057 - [TAKI_BLOCK] CHECK event=p_1_card_4_green (card_color=green, TAKI_color=red) -> BLOCK
12:55:18.058 - [TAKI_BLOCK] CHECK event=p_1_card_3_green (card_color=green, TAKI_color=red) -> BLOCK
12:55:18.058 - [TAKI_BLOCK] CHECK event=p_1_card_1_green (card_color=green, TAKI_color=red) -> BLOCK
12:55:18.059 - BPEvent(name=p_1_closed_taki,data={}, priority=15.0)
12:55:18.059 - ============================================================
12:55:18.059 - [PLAYER_1] TAKI SEQUENCE ENDING
12:55:18.060 - [PLAYER_1] Cards played: ['p_1_super_taki', 'p_1_super_taki', 'p_1_taki_red']
12:55:18.060 - [PLAYER_1] Total cards in sequence: 3
12:55:18.060 - ============================================================
12:55:18.061 - BPEvent(name=done_post_action,data={}, priority=17.5)
12:55:18.061 - [ENFORCE_TURNS] done_post_action completed for Super TAKI
12:55:18.062 - [ENFORCE_RULES] Event received: done_post_action
12:55:18.062 - ============================================================
12:55:18.062 - [ENFORCE_RULES] TAKI sequence ended
12:55:18.062 - [ENFORCE_RULES] Cards played in sequence: ['p_1_super_taki', 'p_1_super_taki', 'p_1_taki_red']
12:55:18.062 - [ENFORCE_RULES] Last card color: red, type: TAKI
12:55:18.063 - ============================================================
12:55:18.063 - [ENFORCE_RULES] Post-TAKI placement rules: must match color=red OR type=TAKI
12:55:18.063 - BPEvent(name=next_turn,data={}, priority=10.0)
12:55:18.064 - [ENFORCE_TURNS] Event received: next_turn
12:55:18.065 - [ENFORCE_TURNS] Turn change: Player 1 -> Player 0
12:55:18.065 - [RULES] Blocking TAKI play: p_0_taki_green on top of TAKI/red
12:55:18.066 - [RULES] Blocking TAKI play: p_0_taki_green on top of TAKI/red
12:55:18.066 - BPEvent(name=p_0_card_1_red,data={}, priority=10.0)
12:55:18.066 - [STRATEGY_TAKI_2] P0 -> p_0_card_1_red (priority 10.0)
12:55:18.067 - BPEvent(name=next_turn,data={}, priority=10.0)
12:55:18.068 - [STRATEGY_TAKI_2] P0 | Remaining: 2 cards (1 TAKI)
12:55:18.068 - [STRATEGY_TAKI_2] P0 Turn #4 | Hand: 2 cards (1 TAKI)
12:55:18.068 - [ENFORCE_TURNS] Event received: next_turn
12:55:18.068 - [ENFORCE_TURNS] Turn change: Player 0 -> Player 1
12:55:18.069 - BPEvent(name=p_1_card_1_green,data={}, priority=10.0)
12:55:18.070 - BPEvent(name=next_turn,data={}, priority=10.0)
12:55:18.070 - [ENFORCE_TURNS] Event received: next_turn
12:55:18.071 - [ENFORCE_TURNS] Turn change: Player 1 -> Player 0
12:55:18.071 - BPEvent(name=p_0_taki_green,data={}, priority=4.0)
12:55:18.072 - ============================================================
12:55:18.072 - [PLAYER_0] Regular TAKI SEQUENCE STARTING: p_0_taki_green
12:55:18.072 - [PLAYER_0] Removing TAKI from hand
12:55:18.072 - [PLAYER_0] Adding closed_taki to possible actions
12:55:18.073 - ============================================================
12:55:18.073 - [STRATEGY_TAKI_2] P0 -> p_0_taki_green (priority 4.0)
12:55:18.073 - [STRATEGY_TAKI_2] Entering TAKI sequence Player0 chose Regular TAKI: p_0_taki_green (prio=4.0)
12:55:18.074 - [ENFORCE_TURNS] Event received: p_0_taki_green
12:55:18.074 - [ENFORCE_TURNS] Regular TAKI by Player 0, requesting done_post_action
12:55:18.074 - ============================================================
12:55:18.074 - [ENFORCE_RULES] ENTER TAKI MODE, last_event=p_0_taki_green
12:55:18.075 - [ENFORCE_RULES] Previous placement color=green
12:55:18.075 - ============================================================
12:55:18.075 - ============================================================
12:55:18.075 - [ENFORCE_RULES] Regular TAKI detected: p_0_taki_green
12:55:18.075 - [ENFORCE_RULES] Color determined by TAKI card: green
12:55:18.076 - [ENFORCE_RULES] Blocking all non-green cards
12:55:18.076 - ============================================================
12:55:18.076 - [ENFORCE_RULES] Waiting for card (must be green) or done_post_action.
12:55:18.077 - BPEvent(name=p_0_card_5_green,data={}, priority=10.0)
12:55:18.077 - [PLAYER_0] Card played in TAKI: p_0_card_5_green
12:55:18.078 - [ENFORCE_RULES] Event received: p_0_card_5_green
12:55:18.078 - [ENFORCE_RULES] Card accepted during TAKI: p_0_card_5_green (color=green, type=5)
12:55:18.078 - [ENFORCE_RULES] Waiting for card (must be green) or done_post_action.
12:55:18.078 - BPEvent(name=p_0_closed_taki,data={}, priority=15.0)
12:55:18.079 - ============================================================
12:55:18.079 - [PLAYER_0] TAKI SEQUENCE ENDING
12:55:18.079 - [PLAYER_0] Cards played: ['p_0_card_5_green']
12:55:18.079 - [PLAYER_0] Total cards in sequence: 1
12:55:18.080 - ============================================================
12:55:18.081 - BPEvent(name=done_post_action,data={}, priority=17.5)
12:55:18.081 - [ENFORCE_TURNS] done_post_action completed for Regular TAKI
12:55:18.082 - [ENFORCE_RULES] Event received: done_post_action
12:55:18.082 - ============================================================
12:55:18.082 - [ENFORCE_RULES] TAKI sequence ended
12:55:18.082 - [ENFORCE_RULES] Cards played in sequence: ['p_0_card_5_green']
12:55:18.082 - [ENFORCE_RULES] Last card color: green, type: 5
12:55:18.083 - ============================================================
12:55:18.083 - [ENFORCE_RULES] Post-TAKI placement rules: must match color=green OR type=5
12:55:18.084 - BPEvent(name=p_0_no_more_cards,data={}, priority=8.0)
12:55:18.084 - [STRATEGY_TAKI_2] Player 0: NO MORE CARDS! Game over for this player
12:55:18.084 - [STRATEGY_TAKI_2] Player 0: B-thread terminated after 4 turns
12:55:18.085 - BPEvent(name=end_game,data={}, priority=7.0)
12:55:18.086 - ENDED
