17:35:38.235 - Starting Taki Game BProgram Execution
17:35:38.236 - STARTED
17:35:38.237 - BPEvent(name=start_dealing_cards_to_players,data={}, priority=10.0)
17:35:38.241 - BPEvent(name=deal_cards_to_player_0,data={}, priority=10.0)
17:35:38.243 - BPEvent(name=deal_p_taki_green,data={}, priority=10.0)
17:35:38.245 - BPEvent(name=deal_cards_to_player_1,data={}, priority=10.0)
17:35:38.249 - BPEvent(name=deal_p_card_3_blue,data={}, priority=10.0)
17:35:38.251 - BPEvent(name=deal_cards_to_player_0,data={}, priority=10.0)
17:35:38.253 - BPEvent(name=deal_p_card_5_green,data={}, priority=10.0)
17:35:38.255 - BPEvent(name=deal_cards_to_player_1,data={}, priority=10.0)
17:35:38.257 - BPEvent(name=deal_p_card_4_blue,data={}, priority=10.0)
17:35:38.258 - BPEvent(name=deal_cards_to_player_0,data={}, priority=10.0)
17:35:38.260 - BPEvent(name=deal_p_card_3_red,data={}, priority=10.0)
17:35:38.262 - BPEvent(name=deal_cards_to_player_1,data={}, priority=10.0)
17:35:38.263 - BPEvent(name=deal_p_card_5_blue,data={}, priority=10.0)
17:35:38.266 - BPEvent(name=deal_cards_to_player_0,data={}, priority=10.0)
17:35:38.267 - BPEvent(name=deal_p_stop_red,data={}, priority=10.0)
17:35:38.269 - BPEvent(name=deal_cards_to_player_1,data={}, priority=10.0)
17:35:38.270 - BPEvent(name=deal_p_taki_green,data={}, priority=10.0)
17:35:38.272 - BPEvent(name=deal_cards_to_player_0,data={}, priority=10.0)
17:35:38.274 - BPEvent(name=deal_p_stop_red,data={}, priority=10.0)
17:35:38.276 - BPEvent(name=deal_cards_to_player_1,data={}, priority=10.0)
17:35:38.278 - BPEvent(name=deal_p_card_5_red,data={}, priority=10.0)
17:35:38.283 - BPEvent(name=deal_cards_to_player_0,data={}, priority=10.0)
17:35:38.285 - BPEvent(name=deal_p_card_1_blue,data={}, priority=10.0)
17:35:38.287 - BPEvent(name=deal_cards_to_player_1,data={}, priority=10.0)
17:35:38.289 - BPEvent(name=deal_p_card_4_red,data={}, priority=10.0)
17:35:38.290 - BPEvent(name=deal_cards_to_player_0,data={}, priority=10.0)
17:35:38.292 - BPEvent(name=deal_p_card_4_green,data={}, priority=10.0)
17:35:38.293 - BPEvent(name=deal_cards_to_player_1,data={}, priority=10.0)
17:35:38.295 - BPEvent(name=deal_p_super_taki,data={}, priority=10.0)
17:35:38.297 - BPEvent(name=deal_cards_to_player_0,data={}, priority=10.0)
17:35:38.299 - BPEvent(name=deal_p_card_3_green,data={}, priority=10.0)
17:35:38.301 - BPEvent(name=deal_cards_to_player_1,data={}, priority=10.0)
17:35:38.303 - BPEvent(name=deal_p_card_1_green,data={}, priority=10.0)
17:35:38.306 - BPEvent(name=finished_dealing_cards_to_players,data={}, priority=10.0)
17:35:38.309 - BPEvent(name=deal_leading_card,data={}, priority=10.0)
17:35:38.312 - BPEvent(name=deal_p_card_1_red,data={}, priority=10.0)
17:35:38.314 - BPEvent(name=leading_deal_p_card_1_red,data={}, priority=10.0)
17:35:38.316 - BPEvent(name=finished_leading_card,data={}, priority=10.0)
17:35:38.318 - BPEvent(name=start_game,data={}, priority=10.0)
17:35:38.322 - BPEvent(name=p_0_stop_red,data={}, priority=10.0)
17:35:38.327 - BPEvent(name=done_post_action,data={}, priority=10.0)
17:35:38.332 - BPEvent(name=next_turn,data={}, priority=10.0)
17:35:38.336 - BPEvent(name=p_0_card_3_red,data={}, priority=10.0)
17:35:38.339 - BPEvent(name=next_turn,data={}, priority=10.0)
17:35:38.341 - [PLAYER_EXTERNAL_API] player=1 phase=turn action=card_3_blue
17:35:38.344 - BPEvent(name=p_1_card_3_blue,data={}, priority=10.0)
17:35:38.350 - BPEvent(name=next_turn,data={}, priority=10.0)
17:35:38.354 - BPEvent(name=p_0_card_1_blue,data={}, priority=10.0)
17:35:38.358 - BPEvent(name=next_turn,data={}, priority=10.0)
17:35:38.360 - [PLAYER_EXTERNAL_API] player=1 phase=turn action=card_5_blue
17:35:38.363 - BPEvent(name=p_1_card_5_blue,data={}, priority=10.0)
17:35:38.372 - BPEvent(name=next_turn,data={}, priority=10.0)
17:35:38.377 - BPEvent(name=p_0_card_5_green,data={}, priority=10.0)
17:35:38.387 - BPEvent(name=next_turn,data={}, priority=10.0)
17:35:38.389 - [PLAYER_EXTERNAL_API] player=1 phase=turn action=card_1_green
17:35:38.392 - BPEvent(name=p_1_card_1_green,data={}, priority=10.0)
17:35:38.395 - BPEvent(name=next_turn,data={}, priority=10.0)
17:35:38.443 - BPEvent(name=p_0_card_3_green,data={}, priority=10.0)
17:35:38.510 - BPEvent(name=next_turn,data={}, priority=10.0)
17:35:38.526 - [PLAYER_EXTERNAL_API] player=1 phase=turn action=taki_green
17:35:38.529 - BPEvent(name=p_1_taki_green,data={}, priority=10.0)
17:35:38.540 - [PLAYER_EXTERNAL_API] player=1 phase=taki_sequence action=super_taki
17:35:38.544 - BPEvent(name=p_1_super_taki,data={}, priority=10.0)
17:35:38.545 - [PLAYER_EXTERNAL_API] player=1 phase=taki_sequence action=closed_taki
17:35:38.550 - BPEvent(name=p_1_closed_taki,data={}, priority=15.0)
17:35:38.554 - BPEvent(name=done_post_action,data={}, priority=17.5)
17:35:38.560 - BPEvent(name=next_turn,data={}, priority=10.0)
17:35:38.572 - BPEvent(name=p_0_taki_green,data={}, priority=10.0)
17:35:38.598 - BPEvent(name=p_0_card_4_green,data={}, priority=10.0)
17:35:38.603 - BPEvent(name=p_0_closed_taki,data={}, priority=15.0)
17:35:38.610 - BPEvent(name=done_post_action,data={}, priority=17.5)
17:35:38.617 - BPEvent(name=next_turn,data={}, priority=10.0)
17:35:38.621 - [PLAYER_EXTERNAL_API] player=1 phase=turn action=card_4_red
17:35:38.627 - BPEvent(name=p_1_card_4_red,data={}, priority=10.0)
17:35:38.632 - BPEvent(name=next_turn,data={}, priority=10.0)
17:35:38.637 - BPEvent(name=p_0_stop_red,data={}, priority=10.0)
17:35:38.645 - BPEvent(name=done_post_action,data={}, priority=10.0)
17:35:38.666 - BPEvent(name=p_0_no_more_cards,data={}, priority=8.0)
17:35:38.672 - BPEvent(name=end_game,data={}, priority=7.0)
17:35:38.675 - ENDED
