17:34:51.807 - Starting Taki Game BProgram Execution
17:34:51.808 - STARTED
17:34:51.809 - BPEvent(name=start_dealing_cards_to_players,data={}, priority=10.0)
17:34:51.813 - BPEvent(name=deal_cards_to_player_1,data={}, priority=10.0)
17:34:51.816 - BPEvent(name=deal_p_taki_green,data={}, priority=10.0)
17:34:51.821 - BPEvent(name=deal_cards_to_player_0,data={}, priority=10.0)
17:34:51.824 - BPEvent(name=deal_p_card_3_blue,data={}, priority=10.0)
17:34:51.826 - BPEvent(name=deal_cards_to_player_1,data={}, priority=10.0)
17:34:51.832 - BPEvent(name=deal_p_card_5_green,data={}, priority=10.0)
17:34:51.836 - BPEvent(name=deal_cards_to_player_0,data={}, priority=10.0)
17:34:51.839 - BPEvent(name=deal_p_card_4_blue,data={}, priority=10.0)
17:34:51.841 - BPEvent(name=deal_cards_to_player_1,data={}, priority=10.0)
17:34:51.844 - BPEvent(name=deal_p_card_3_red,data={}, priority=10.0)
17:34:51.847 - BPEvent(name=deal_cards_to_player_0,data={}, priority=10.0)
17:34:51.850 - BPEvent(name=deal_p_card_5_blue,data={}, priority=10.0)
17:34:51.852 - BPEvent(name=deal_cards_to_player_1,data={}, priority=10.0)
17:34:51.854 - BPEvent(name=deal_p_stop_red,data={}, priority=10.0)
17:34:51.857 - BPEvent(name=deal_cards_to_player_0,data={}, priority=10.0)
17:34:51.859 - BPEvent(name=deal_p_taki_green,data={}, priority=10.0)
17:34:51.862 - BPEvent(name=deal_cards_to_player_1,data={}, priority=10.0)
17:34:51.869 - BPEvent(name=deal_p_stop_red,data={}, priority=10.0)
17:34:51.877 - BPEvent(name=deal_cards_to_player_0,data={}, priority=10.0)
17:34:51.882 - BPEvent(name=deal_p_card_5_red,data={}, priority=10.0)
17:34:51.885 - BPEvent(name=deal_cards_to_player_1,data={}, priority=10.0)
17:34:51.887 - BPEvent(name=deal_p_card_1_blue,data={}, priority=10.0)
17:34:51.890 - BPEvent(name=deal_cards_to_player_0,data={}, priority=10.0)
17:34:51.897 - BPEvent(name=deal_p_card_4_red,data={}, priority=10.0)
17:34:51.903 - BPEvent(name=deal_cards_to_player_1,data={}, priority=10.0)
17:34:51.911 - BPEvent(name=deal_p_card_4_green,data={}, priority=10.0)
17:34:51.919 - BPEvent(name=deal_cards_to_player_0,data={}, priority=10.0)
17:34:51.969 - BPEvent(name=deal_p_super_taki,data={}, priority=10.0)
17:34:52.028 - BPEvent(name=deal_cards_to_player_1,data={}, priority=10.0)
17:34:52.070 - BPEvent(name=deal_p_card_3_green,data={}, priority=10.0)
17:34:52.109 - BPEvent(name=deal_cards_to_player_0,data={}, priority=10.0)
17:34:52.125 - BPEvent(name=deal_p_card_1_green,data={}, priority=10.0)
17:34:52.161 - BPEvent(name=finished_dealing_cards_to_players,data={}, priority=10.0)
17:34:52.168 - BPEvent(name=deal_leading_card,data={}, priority=10.0)
17:34:52.192 - BPEvent(name=deal_p_card_1_red,data={}, priority=10.0)
17:34:52.201 - BPEvent(name=leading_deal_p_card_1_red,data={}, priority=10.0)
17:34:52.224 - BPEvent(name=finished_leading_card,data={}, priority=10.0)
17:34:52.230 - BPEvent(name=start_game,data={}, priority=10.0)
17:34:52.243 - [PLAYER_EXTERNAL_API] player=1 phase=turn action=card_3_red
17:34:52.247 - BPEvent(name=p_1_card_3_red,data={}, priority=10.0)
17:34:52.254 - BPEvent(name=next_turn,data={}, priority=10.0)
17:34:52.270 - BPEvent(name=p_0_card_5_red,data={}, priority=10.0)
17:34:52.279 - BPEvent(name=next_turn,data={}, priority=10.0)
17:34:52.291 - [PLAYER_EXTERNAL_API] player=1 phase=turn action=card_5_green
17:34:52.294 - BPEvent(name=p_1_card_5_green,data={}, priority=10.0)
17:34:52.308 - BPEvent(name=next_turn,data={}, priority=10.0)
17:34:52.339 - BPEvent(name=p_0_card_5_blue,data={}, priority=10.0)
17:34:52.351 - BPEvent(name=next_turn,data={}, priority=10.0)
17:34:52.362 - [PLAYER_EXTERNAL_API] player=1 phase=turn action=card_1_blue
17:34:52.390 - BPEvent(name=p_1_card_1_blue,data={}, priority=10.0)
17:34:52.411 - BPEvent(name=next_turn,data={}, priority=10.0)
17:34:52.434 - BPEvent(name=p_0_card_3_blue,data={}, priority=10.0)
17:34:52.448 - BPEvent(name=next_turn,data={}, priority=10.0)
17:34:52.464 - [PLAYER_EXTERNAL_API] player=1 phase=turn action=card_3_green
17:34:52.483 - BPEvent(name=p_1_card_3_green,data={}, priority=10.0)
17:34:52.535 - BPEvent(name=next_turn,data={}, priority=10.0)
17:34:52.586 - BPEvent(name=p_0_super_taki,data={}, priority=10.0)
17:34:52.625 - BPEvent(name=p_0_taki_green,data={}, priority=10.0)
17:34:52.668 - BPEvent(name=p_0_card_1_green,data={}, priority=10.0)
17:34:52.707 - BPEvent(name=p_0_closed_taki,data={}, priority=15.0)
17:34:52.726 - BPEvent(name=done_post_action,data={}, priority=17.5)
17:34:52.745 - BPEvent(name=next_turn,data={}, priority=10.0)
17:34:52.755 - [PLAYER_EXTERNAL_API] player=1 phase=turn action=taki_green
17:34:52.775 - BPEvent(name=p_1_taki_green,data={}, priority=10.0)
17:34:52.777 - [PLAYER_EXTERNAL_API] player=1 phase=taki_sequence action=card_4_green
17:34:52.786 - BPEvent(name=p_1_card_4_green,data={}, priority=10.0)
17:34:52.789 - [PLAYER_EXTERNAL_API] player=1 phase=taki_sequence action=closed_taki
17:34:52.793 - BPEvent(name=p_1_closed_taki,data={}, priority=15.0)
17:34:52.798 - BPEvent(name=done_post_action,data={}, priority=17.5)
17:34:52.805 - BPEvent(name=next_turn,data={}, priority=10.0)
17:34:52.811 - BPEvent(name=p_0_card_4_red,data={}, priority=10.0)
17:34:52.818 - BPEvent(name=next_turn,data={}, priority=10.0)
17:34:52.825 - [PLAYER_EXTERNAL_API] player=1 phase=turn action=stop_red
17:34:52.832 - BPEvent(name=p_1_stop_red,data={}, priority=10.0)
17:34:52.850 - BPEvent(name=done_post_action,data={}, priority=10.0)
17:34:52.856 - BPEvent(name=next_turn,data={}, priority=10.0)
17:34:52.858 - [PLAYER_EXTERNAL_API] player=1 phase=turn action=stop_red
17:34:52.863 - BPEvent(name=p_1_stop_red,data={}, priority=10.0)
17:34:52.868 - BPEvent(name=done_post_action,data={}, priority=10.0)
17:34:52.873 - BPEvent(name=p_1_no_more_cards,data={}, priority=8.0)
17:34:52.878 - BPEvent(name=end_game,data={}, priority=7.0)
17:34:52.881 - ENDED
