02:12:30.568 - Starting Taki Game BProgram Execution
02:12:30.568 - STARTED
02:12:30.569 - BPEvent(name=start_dealing_cards_to_players,data={}, priority=10.0)
02:12:30.571 - BPEvent(name=deal_cards_to_player_1,data={}, priority=10.0)
02:12:30.572 - BPEvent(name=deal_p_stop_blue,data={}, priority=10.0)
02:12:30.574 - BPEvent(name=deal_cards_to_player_0,data={}, priority=10.0)
02:12:30.575 - BPEvent(name=deal_p_card_4_blue,data={}, priority=10.0)
02:12:30.576 - BPEvent(name=deal_cards_to_player_1,data={}, priority=10.0)
02:12:30.577 - BPEvent(name=deal_p_card_1_blue,data={}, priority=10.0)
02:12:30.578 - BPEvent(name=deal_cards_to_player_0,data={}, priority=10.0)
02:12:30.578 - BPEvent(name=deal_p_taki_blue,data={}, priority=10.0)
02:12:30.580 - BPEvent(name=deal_cards_to_player_1,data={}, priority=10.0)
02:12:30.581 - BPEvent(name=deal_p_card_5_blue,data={}, priority=10.0)
02:12:30.581 - BPEvent(name=deal_cards_to_player_0,data={}, priority=10.0)
02:12:30.582 - BPEvent(name=deal_p_card_3_red,data={}, priority=10.0)
02:12:30.583 - BPEvent(name=deal_cards_to_player_1,data={}, priority=10.0)
02:12:30.584 - BPEvent(name=deal_p_card_4_green,data={}, priority=10.0)
02:12:30.585 - BPEvent(name=deal_cards_to_player_0,data={}, priority=10.0)
02:12:30.586 - BPEvent(name=deal_p_stop_green,data={}, priority=10.0)
02:12:30.588 - BPEvent(name=deal_cards_to_player_1,data={}, priority=10.0)
02:12:30.590 - BPEvent(name=deal_p_card_5_green,data={}, priority=10.0)
02:12:30.591 - BPEvent(name=deal_cards_to_player_0,data={}, priority=10.0)
02:12:30.592 - BPEvent(name=deal_p_super_taki,data={}, priority=10.0)
02:12:30.594 - BPEvent(name=deal_cards_to_player_1,data={}, priority=10.0)
02:12:30.595 - BPEvent(name=deal_p_card_4_red,data={}, priority=10.0)
02:12:30.596 - BPEvent(name=deal_cards_to_player_0,data={}, priority=10.0)
02:12:30.597 - BPEvent(name=deal_p_change_color,data={}, priority=10.0)
02:12:30.598 - BPEvent(name=deal_cards_to_player_1,data={}, priority=10.0)
02:12:30.599 - BPEvent(name=deal_p_taki_green,data={}, priority=10.0)
02:12:30.601 - BPEvent(name=deal_cards_to_player_0,data={}, priority=10.0)
02:12:30.602 - BPEvent(name=deal_p_card_3_blue,data={}, priority=10.0)
02:12:30.604 - BPEvent(name=deal_cards_to_player_1,data={}, priority=10.0)
02:12:30.605 - BPEvent(name=deal_p_taki_red,data={}, priority=10.0)
02:12:30.607 - BPEvent(name=deal_cards_to_player_0,data={}, priority=10.0)
02:12:30.608 - BPEvent(name=deal_p_card_3_green,data={}, priority=10.0)
02:12:30.609 - BPEvent(name=finished_dealing_cards_to_players,data={}, priority=10.0)
02:12:30.610 - BPEvent(name=deal_leading_card,data={}, priority=10.0)
02:12:30.611 - BPEvent(name=deal_p_card_5_red,data={}, priority=10.0)
02:12:30.612 - BPEvent(name=leading_deal_p_card_5_red,data={}, priority=10.0)
02:12:30.613 - BPEvent(name=finished_leading_card,data={}, priority=10.0)
02:12:30.614 - BPEvent(name=start_game,data={}, priority=10.0)
02:12:30.615 - BPEvent(name=p_1_card_5_blue,data={}, priority=10.0)
02:12:30.617 - BPEvent(name=next_turn,data={}, priority=10.0)
02:12:30.620 - BPEvent(name=p_0_taki_blue,data={}, priority=5.0)
02:12:30.624 - BPEvent(name=p_0_card_4_blue,data={}, priority=10.0)
02:12:30.626 - BPEvent(name=p_0_card_3_blue,data={}, priority=10.0)
02:12:30.628 - BPEvent(name=p_0_super_taki,data={}, priority=10.0)
02:12:30.630 - BPEvent(name=p_0_closed_taki,data={}, priority=15.0)
02:12:30.631 - BPEvent(name=done_post_action,data={}, priority=10.0)
02:12:30.632 - BPEvent(name=next_turn,data={}, priority=10.0)
02:12:30.634 - BPEvent(name=p_1_stop_blue,data={}, priority=10.0)
02:12:30.635 - BPEvent(name=done_post_action,data={}, priority=10.0)
02:12:30.636 - BPEvent(name=next_turn,data={}, priority=10.0)
02:12:30.638 - BPEvent(name=p_1_card_1_blue,data={}, priority=10.0)
02:12:30.640 - BPEvent(name=next_turn,data={}, priority=10.0)
02:12:30.642 - BPEvent(name=p_0_change_color,data={}, priority=10.0)
02:12:30.643 - BPEvent(name=selected_blue,data={}, priority=5.0)
02:12:30.645 - BPEvent(name=done_post_action,data={}, priority=10.0)
02:12:30.646 - BPEvent(name=next_turn,data={}, priority=10.0)
02:12:30.647 - BPEvent(name=p_1_draw_card,data={}, priority=20.0)
02:12:30.649 - BPEvent(name=deal_cards_to_player_1,data={}, priority=10.0)
02:12:30.650 - BPEvent(name=deal_p_taki_blue,data={}, priority=10.0)
02:12:30.651 - BPEvent(name=next_turn,data={}, priority=10.0)
02:12:30.653 - BPEvent(name=p_0_draw_card,data={}, priority=20.0)
02:12:30.654 - BPEvent(name=deal_cards_to_player_0,data={}, priority=10.0)
02:12:30.656 - BPEvent(name=deal_p_change_color,data={}, priority=10.0)
02:12:30.657 - BPEvent(name=next_turn,data={}, priority=10.0)
02:12:30.659 - BPEvent(name=p_1_taki_blue,data={}, priority=10.0)
02:12:30.661 - BPEvent(name=p_1_closed_taki,data={}, priority=15.0)
02:12:30.662 - BPEvent(name=done_post_action,data={}, priority=10.0)
02:12:30.663 - BPEvent(name=next_turn,data={}, priority=10.0)
02:12:30.665 - BPEvent(name=p_0_change_color,data={}, priority=10.0)
02:12:30.668 - BPEvent(name=selected_red,data={}, priority=5.0)
02:12:30.669 - BPEvent(name=done_post_action,data={}, priority=10.0)
02:12:30.671 - BPEvent(name=next_turn,data={}, priority=10.0)
02:12:30.673 - BPEvent(name=p_1_taki_red,data={}, priority=10.0)
02:12:30.675 - BPEvent(name=p_1_card_4_red,data={}, priority=10.0)
02:12:30.678 - BPEvent(name=p_1_closed_taki,data={}, priority=15.0)
02:12:30.679 - BPEvent(name=done_post_action,data={}, priority=10.0)
02:12:30.680 - BPEvent(name=next_turn,data={}, priority=10.0)
02:12:30.682 - BPEvent(name=p_0_card_3_red,data={}, priority=10.0)
02:12:30.684 - BPEvent(name=next_turn,data={}, priority=10.0)
02:12:30.685 - BPEvent(name=p_1_draw_card,data={}, priority=20.0)
02:12:30.687 - BPEvent(name=deal_cards_to_player_1,data={}, priority=10.0)
02:12:30.688 - BPEvent(name=deal_p_stop_green,data={}, priority=10.0)
02:12:30.690 - BPEvent(name=next_turn,data={}, priority=10.0)
02:12:30.691 - BPEvent(name=p_0_card_3_green,data={}, priority=10.0)
02:12:30.693 - BPEvent(name=next_turn,data={}, priority=10.0)
02:12:30.694 - BPEvent(name=p_1_card_4_green,data={}, priority=10.0)
02:12:30.695 - BPEvent(name=next_turn,data={}, priority=10.0)
02:12:30.697 - BPEvent(name=p_0_stop_green,data={}, priority=10.0)
02:12:30.698 - BPEvent(name=done_post_action,data={}, priority=10.0)
02:12:30.699 - BPEvent(name=p_0_no_more_cards,data={}, priority=8.0)
02:12:30.701 - BPEvent(name=end_game,data={}, priority=7.0)
02:12:30.702 - ENDED
