12:57:55.796 - Starting Taki Game BProgram Execution
12:57:55.934 - STARTED
12:57:55.993 - BPEvent(name=start_dealing_cards_to_players,data={}, priority=10.0)
12:57:56.020 - BPEvent(name=deal_cards_to_player_1,data={}, priority=10.0)
12:57:56.029 - BPEvent(name=deal_p_card_1_green,data={}, priority=10.0)
12:57:56.038 - BPEvent(name=deal_cards_to_player_0,data={}, priority=10.0)
12:57:56.045 - BPEvent(name=deal_p_card_5_blue,data={}, priority=10.0)
12:57:56.068 - BPEvent(name=deal_cards_to_player_1,data={}, priority=10.0)
12:57:56.105 - BPEvent(name=deal_p_card_5_red,data={}, priority=10.0)
12:57:56.146 - BPEvent(name=deal_cards_to_player_0,data={}, priority=10.0)
12:57:56.187 - BPEvent(name=deal_p_taki_red,data={}, priority=10.0)
12:57:56.198 - BPEvent(name=deal_cards_to_player_1,data={}, priority=10.0)
12:57:56.207 - BPEvent(name=deal_p_card_1_red,data={}, priority=10.0)
12:57:56.217 - BPEvent(name=deal_cards_to_player_0,data={}, priority=10.0)
12:57:56.227 - BPEvent(name=deal_p_card_4_green,data={}, priority=10.0)
12:57:56.238 - BPEvent(name=deal_cards_to_player_1,data={}, priority=10.0)
12:57:56.289 - BPEvent(name=deal_p_stop_blue,data={}, priority=10.0)
12:57:56.362 - BPEvent(name=deal_cards_to_player_0,data={}, priority=10.0)
12:57:56.411 - BPEvent(name=deal_p_stop_blue,data={}, priority=10.0)
12:57:56.431 - BPEvent(name=deal_cards_to_player_1,data={}, priority=10.0)
12:57:56.445 - BPEvent(name=deal_p_taki_blue,data={}, priority=10.0)
12:57:56.465 - BPEvent(name=deal_cards_to_player_0,data={}, priority=10.0)
12:57:56.478 - BPEvent(name=deal_p_card_3_blue,data={}, priority=10.0)
12:57:56.492 - BPEvent(name=deal_cards_to_player_1,data={}, priority=10.0)
12:57:56.528 - BPEvent(name=deal_p_taki_red,data={}, priority=10.0)
12:57:56.555 - BPEvent(name=deal_cards_to_player_0,data={}, priority=10.0)
12:57:56.573 - BPEvent(name=deal_p_card_3_red,data={}, priority=10.0)
12:57:56.630 - BPEvent(name=deal_cards_to_player_1,data={}, priority=10.0)
12:57:56.646 - BPEvent(name=deal_p_stop_green,data={}, priority=10.0)
12:57:56.824 - BPEvent(name=deal_cards_to_player_0,data={}, priority=10.0)
12:57:57.226 - BPEvent(name=deal_p_card_5_green,data={}, priority=10.0)
12:57:57.451 - BPEvent(name=deal_cards_to_player_1,data={}, priority=10.0)
12:57:57.664 - BPEvent(name=deal_p_card_3_green,data={}, priority=10.0)
12:57:57.823 - BPEvent(name=deal_cards_to_player_0,data={}, priority=10.0)
12:57:57.938 - BPEvent(name=deal_p_card_1_blue,data={}, priority=10.0)
12:57:58.068 - BPEvent(name=finished_dealing_cards_to_players,data={}, priority=10.0)
12:57:58.236 - BPEvent(name=deal_leading_card,data={}, priority=10.0)
12:57:58.345 - BPEvent(name=deal_p_card_4_red,data={}, priority=10.0)
12:57:58.454 - BPEvent(name=leading_deal_p_card_4_red,data={}, priority=10.0)
12:57:58.866 - BPEvent(name=finished_leading_card,data={}, priority=10.0)
12:57:58.976 - BPEvent(name=start_game,data={}, priority=10.0)
12:57:59.093 - [PLAYER_EXTERNAL_API] player=1 phase=turn action=taki_red
12:57:59.245 - BPEvent(name=p_1_taki_red,data={}, priority=10.0)
12:57:59.327 - [PLAYER_EXTERNAL_API] player=1 phase=taki_sequence action=card_5_red
12:57:59.479 - BPEvent(name=p_1_card_5_red,data={}, priority=10.0)
12:57:59.636 - [PLAYER_EXTERNAL_API] player=1 phase=taki_sequence action=card_1_red
12:57:59.764 - BPEvent(name=p_1_card_1_red,data={}, priority=10.0)
12:57:59.904 - [PLAYER_EXTERNAL_API] player=1 phase=taki_sequence action=closed_taki
12:57:59.992 - BPEvent(name=p_1_closed_taki,data={}, priority=15.0)
12:58:00.034 - BPEvent(name=done_post_action,data={}, priority=17.5)
12:58:00.113 - BPEvent(name=next_turn,data={}, priority=10.0)
12:58:00.202 - BPEvent(name=p_0_card_1_blue,data={}, priority=10.0)
12:58:00.543 - BPEvent(name=next_turn,data={}, priority=10.0)
12:58:00.924 - [PLAYER_EXTERNAL_API] player=1 phase=turn action=taki_blue
12:58:01.141 - BPEvent(name=p_1_taki_blue,data={}, priority=10.0)
12:58:01.259 - [PLAYER_EXTERNAL_API] player=1 phase=taki_sequence action=stop_blue
12:58:01.376 - BPEvent(name=p_1_stop_blue,data={}, priority=10.0)
12:58:01.419 - [PLAYER_EXTERNAL_API] player=1 phase=taki_sequence action=closed_taki
12:58:01.543 - BPEvent(name=p_1_closed_taki,data={}, priority=15.0)
12:58:01.610 - BPEvent(name=done_post_action,data={}, priority=17.5)
12:58:01.666 - BPEvent(name=next_turn,data={}, priority=10.0)
12:58:01.749 - BPEvent(name=p_0_card_5_blue,data={}, priority=10.0)
12:58:01.842 - BPEvent(name=next_turn,data={}, priority=10.0)
12:58:01.937 - [PLAYER_EXTERNAL_API] player=1 phase=turn action=draw_card
12:58:02.005 - BPEvent(name=p_1_draw_card,data={}, priority=20.0)
12:58:02.038 - BPEvent(name=deal_cards_to_player_1,data={}, priority=10.0)
12:58:02.115 - BPEvent(name=deal_p_stop_green,data={}, priority=10.0)
12:58:02.209 - BPEvent(name=next_turn,data={}, priority=10.0)
12:58:02.329 - BPEvent(name=p_0_card_5_green,data={}, priority=10.0)
12:58:02.460 - BPEvent(name=next_turn,data={}, priority=10.0)
12:58:02.492 - [PLAYER_EXTERNAL_API] player=1 phase=turn action=stop_green
12:58:02.516 - BPEvent(name=p_1_stop_green,data={}, priority=10.0)
12:58:02.559 - BPEvent(name=done_post_action,data={}, priority=10.0)
12:58:02.634 - BPEvent(name=next_turn,data={}, priority=10.0)
12:58:02.669 - [PLAYER_EXTERNAL_API] player=1 phase=turn action=card_1_green
12:58:02.724 - BPEvent(name=p_1_card_1_green,data={}, priority=10.0)
12:58:02.796 - BPEvent(name=next_turn,data={}, priority=10.0)
12:58:02.848 - BPEvent(name=p_0_card_4_green,data={}, priority=10.0)
12:58:02.890 - BPEvent(name=next_turn,data={}, priority=10.0)
12:58:02.911 - [PLAYER_EXTERNAL_API] player=1 phase=turn action=card_3_green
12:58:03.057 - BPEvent(name=p_1_card_3_green,data={}, priority=10.0)
12:58:03.124 - BPEvent(name=next_turn,data={}, priority=10.0)
12:58:03.205 - BPEvent(name=p_0_card_3_red,data={}, priority=10.0)
12:58:03.242 - BPEvent(name=next_turn,data={}, priority=10.0)
12:58:03.360 - [PLAYER_EXTERNAL_API] player=1 phase=turn action=draw_card
12:58:03.650 - BPEvent(name=p_1_draw_card,data={}, priority=20.0)
12:58:03.894 - BPEvent(name=deal_cards_to_player_1,data={}, priority=10.0)
12:58:03.989 - BPEvent(name=deal_p_super_taki,data={}, priority=10.0)
12:58:04.017 - BPEvent(name=next_turn,data={}, priority=10.0)
12:58:04.032 - BPEvent(name=p_0_taki_red,data={}, priority=10.0)
12:58:04.061 - BPEvent(name=p_0_closed_taki,data={}, priority=15.0)
12:58:04.086 - BPEvent(name=done_post_action,data={}, priority=17.5)
12:58:04.113 - BPEvent(name=next_turn,data={}, priority=10.0)
12:58:04.161 - [PLAYER_EXTERNAL_API] player=1 phase=turn action=super_taki
12:58:04.211 - BPEvent(name=p_1_super_taki,data={}, priority=10.0)
12:58:04.263 - [PLAYER_EXTERNAL_API] player=1 phase=taki_sequence action=closed_taki
12:58:04.309 - BPEvent(name=p_1_closed_taki,data={}, priority=15.0)
12:58:04.400 - BPEvent(name=done_post_action,data={}, priority=17.5)
12:58:04.565 - BPEvent(name=next_turn,data={}, priority=10.0)
12:58:04.828 - BPEvent(name=p_0_draw_card,data={}, priority=20.0)
12:58:04.952 - BPEvent(name=deal_cards_to_player_0,data={}, priority=10.0)
12:58:05.074 - BPEvent(name=deal_p_super_taki,data={}, priority=10.0)
12:58:05.093 - BPEvent(name=next_turn,data={}, priority=10.0)
12:58:05.120 - [PLAYER_EXTERNAL_API] player=1 phase=turn action=draw_card
12:58:05.175 - BPEvent(name=p_1_draw_card,data={}, priority=20.0)
12:58:05.221 - BPEvent(name=deal_cards_to_player_1,data={}, priority=10.0)
12:58:05.378 - BPEvent(name=deal_p_stop_red,data={}, priority=10.0)
12:58:05.508 - BPEvent(name=next_turn,data={}, priority=10.0)
12:58:05.586 - BPEvent(name=p_0_super_taki,data={}, priority=10.0)
12:58:05.662 - BPEvent(name=p_0_closed_taki,data={}, priority=15.0)
12:58:05.768 - BPEvent(name=done_post_action,data={}, priority=17.5)
12:58:05.866 - BPEvent(name=next_turn,data={}, priority=10.0)
12:58:05.902 - [PLAYER_EXTERNAL_API] player=1 phase=turn action=stop_red
12:58:05.955 - BPEvent(name=p_1_stop_red,data={}, priority=10.0)
12:58:05.970 - BPEvent(name=done_post_action,data={}, priority=10.0)
12:58:06.045 - BPEvent(name=next_turn,data={}, priority=10.0)
12:58:06.069 - [PLAYER_EXTERNAL_API] player=1 phase=turn action=stop_green
12:58:06.146 - BPEvent(name=p_1_stop_green,data={}, priority=10.0)
12:58:06.190 - BPEvent(name=done_post_action,data={}, priority=10.0)
12:58:06.209 - BPEvent(name=p_1_no_more_cards,data={}, priority=8.0)
12:58:06.235 - BPEvent(name=end_game,data={}, priority=7.0)
12:58:06.296 - ENDED
